[07:07:42] [ServerMain/INFO]: Environment: Environment[sessionHost=https://sessionserver.mojang.com, servicesHost=https://api.minecraftservices.com, profilesHost=https://api.mojang.com, name=PROD]
[07:07:45] [Worker-Main-1/INFO]: No existing world data, creating new world
[07:07:47] [ServerMain/INFO]: Loaded 1515 recipes
[07:07:47] [ServerMain/INFO]: Loaded 1617 advancements
[07:07:47] [Server thread/INFO]: Starting minecraft server version 26.1.2
[07:07:47] [Server thread/INFO]: Loading properties
[07:07:47] [Server thread/INFO]: Default game type: SURVIVAL
[07:07:47] [Server thread/INFO]: Generating keypair
[07:07:47] [Server thread/INFO]: Starting Minecraft server on *:25565
[07:07:48] [Server thread/INFO]: Preparing level "world"
[07:07:48] [Server thread/INFO]: Selecting global world spawn...
[07:08:00] [Server thread/INFO]: Loading 0 persistent chunks...
[07:08:00] [Server thread/INFO]: Preparing spawn area: 100%
[07:08:00] [Server thread/INFO]: Time elapsed: 12497 ms
[07:08:00] [Server thread/INFO]: Done (12.870s)! For help, type "help"
[07:08:00] [Server thread/INFO]: Saving chunks for level 'ServerLevel[world]'/minecraft:overworld
[07:08:01] [Server thread/INFO]: Saving chunks for level 'ServerLevel[world]'/minecraft:the_nether
[07:08:01] [Server thread/INFO]: Saving chunks for level 'ServerLevel[world]'/minecraft:the_end
[07:08:01] [Server thread/INFO]: ThreadedAnvilChunkStorage (world): All chunks are saved
[07:08:01] [Server thread/INFO]: ThreadedAnvilChunkStorage (DIM-1): All chunks are saved
[07:08:01] [Server thread/INFO]: ThreadedAnvilChunkStorage (DIM1): All chunks are saved
[07:08:01] [Server thread/INFO]: ThreadedAnvilChunkStorage: All dimensions are saved
